// Jest Snapshot v1, https://goo.gl/fbAQLP

exports[`renders correctly 1`] = `
<span
  class="MuiCircularProgress-root MuiCircularProgress-indeterminate MuiCircularProgress-colorPrimary css-1g9nplg-MuiCircularProgress-root"
  role="progressbar"
  style="width: 24px; height: 24px;"
>
  <svg
    class="MuiCircularProgress-svg css-1idz92c-MuiCircularProgress-svg"
    viewBox="22 22 44 44"
  >
    <circle
      class="MuiCircularProgress-circle MuiCircularProgress-circleIndeterminate css-176wh8e-MuiCircularProgress-circle"
      cx="44"
      cy="44"
      fill="none"
      r="20.2"
      stroke-width="3.6"
    />
  </svg>
</span>
`;
