// Jest Snapshot v1, https://goo.gl/fbAQLP

exports[`renders correctly 1`] = `
<div
  class="MuiBox-root css-7fvgf6"
>
  <div />
</div>
`;
