// Jest Snapshot v1, https://goo.gl/fbAQLP

exports[`renders correctly 1`] = `
<div>
  <header
    class="MuiPaper-root MuiAppBar-root MuiAppBar-positionFixed MuiAppBar-colorInherit mui-fixed MuiPaper-elevation4"
  >
    <div
      class="MuiToolbar-root MuiToolbar-regular MuiToolbar-gutters"
    >
      <div
        class="MuiBox-root MuiBox-root-3"
      >
        <a
          aria-disabled="false"
          class="MuiButtonBase-root MuiIconButton-root MuiIconButton-edgeStart"
          href="/"
          tabindex="0"
          title="QR-Code nicht ausführen"
        >
          <span
            class="MuiIconButton-label"
          >
            <svg
              aria-hidden="true"
              class="MuiSvgIcon-root"
              focusable="false"
              viewBox="0 0 24 24"
            >
              <path
                d="M19 6.41L17.59 5 12 10.59 6.41 5 5 6.41 10.59 12 5 17.59 6.41 19 12 13.41 17.59 19 19 17.59 13.41 12z"
              />
            </svg>
          </span>
          <span
            class="MuiTouchRipple-root"
          />
        </a>
      </div>
      <h1
        class="MuiTypography-root makeStyles-appBarTitle-1 MuiTypography-h6"
      >
        QR-Code Aktionen
      </h1>
    </div>
  </header>
  <main
    class="MuiBox-root MuiBox-root-4"
  >
    <div
      class="MuiContainer-root MuiContainer-maxWidthSm"
    >
      <p
        class="MuiTypography-root MuiTypography-body1 MuiTypography-gutterBottom"
      >
        Dieser QR-Code führt folgende Aktionen aus:
      </p>
      <ul
        class="MuiList-root MuiList-padding"
      >
        <li
          class="MuiListItem-root MuiListItem-gutters"
        >
          <div
            class="MuiListItemIcon-root"
          >
            <span
              class="MuiSkeleton-root MuiSkeleton-circle MuiSkeleton-pulse"
              style="width: 24px; height: 24px;"
            />
          </div>
          <div
            class="MuiListItemText-root MuiListItemText-multiline"
          >
            <span
              class="MuiTypography-root MuiListItemText-primary MuiTypography-body1 MuiTypography-displayBlock"
            >
              <span
                class="MuiSkeleton-root MuiSkeleton-text MuiSkeleton-pulse"
                style="width: 24px; height: 24px;"
              />
            </span>
            <p
              class="MuiTypography-root MuiListItemText-secondary MuiTypography-body2 MuiTypography-colorTextSecondary MuiTypography-displayBlock"
            >
              <span
                class="MuiSkeleton-root MuiSkeleton-text MuiSkeleton-pulse"
                style="width: 140px; height: 20px;"
              />
            </p>
          </div>
        </li>
        <li
          class="MuiListItem-root MuiListItem-gutters"
        >
          <div
            class="MuiListItemIcon-root"
          >
            <span
              class="MuiSkeleton-root MuiSkeleton-circle MuiSkeleton-pulse"
              style="width: 24px; height: 24px;"
            />
          </div>
          <div
            class="MuiListItemText-root MuiListItemText-multiline"
          >
            <span
              class="MuiTypography-root MuiListItemText-primary MuiTypography-body1 MuiTypography-displayBlock"
            >
              <span
                class="MuiSkeleton-root MuiSkeleton-text MuiSkeleton-pulse"
                style="width: 24px; height: 24px;"
              />
            </span>
            <p
              class="MuiTypography-root MuiListItemText-secondary MuiTypography-body2 MuiTypography-colorTextSecondary MuiTypography-displayBlock"
            >
              <span
                class="MuiSkeleton-root MuiSkeleton-text MuiSkeleton-pulse"
                style="width: 140px; height: 20px;"
              />
            </p>
          </div>
        </li>
        <li
          class="MuiListItem-root MuiListItem-gutters"
        >
          <div
            class="MuiListItemIcon-root"
          >
            <span
              class="MuiSkeleton-root MuiSkeleton-circle MuiSkeleton-pulse"
              style="width: 24px; height: 24px;"
            />
          </div>
          <div
            class="MuiListItemText-root MuiListItemText-multiline"
          >
            <span
              class="MuiTypography-root MuiListItemText-primary MuiTypography-body1 MuiTypography-displayBlock"
            >
              <span
                class="MuiSkeleton-root MuiSkeleton-text MuiSkeleton-pulse"
                style="width: 24px; height: 24px;"
              />
            </span>
            <p
              class="MuiTypography-root MuiListItemText-secondary MuiTypography-body2 MuiTypography-colorTextSecondary MuiTypography-displayBlock"
            >
              <span
                class="MuiSkeleton-root MuiSkeleton-text MuiSkeleton-pulse"
                style="width: 140px; height: 20px;"
              />
            </p>
          </div>
        </li>
      </ul>
      <div
        class="MuiBox-root MuiBox-root-5"
      >
        <button
          class="MuiButtonBase-root MuiButton-root MuiButton-contained MuiButton-containedPrimary MuiButton-containedSizeLarge MuiButton-sizeLarge Mui-disabled MuiButton-fullWidth Mui-disabled"
          disabled=""
          tabindex="-1"
          type="submit"
        >
          <span
            class="MuiButton-label"
          >
            Ausführen
          </span>
        </button>
      </div>
    </div>
  </main>
</div>
`;
