// Jest Snapshot v1, https://goo.gl/fbAQLP

exports[`renders correctly when no game id is supplied 1`] = `
<div
  class="MuiBox-root css-rrm59m"
>
  <header
    class="MuiPaper-root MuiPaper-elevation MuiPaper-elevation4 MuiAppBar-root MuiAppBar-colorPrimary MuiAppBar-positionFixed mui-fixed css-11b3ww9-MuiPaper-root-MuiAppBar-root"
  >
    <div
      class="MuiToolbar-root MuiToolbar-gutters MuiToolbar-regular css-1t29gy6-MuiToolbar-root"
    >
      <h1
        class="MuiTypography-root MuiTypography-h6 css-1juivf6-MuiTypography-root"
      >
        An einem Spiel teilnehmen
      </h1>
    </div>
  </header>
  <main
    class="MuiBox-root css-130jr3z"
  >
    <div
      class="MuiContainer-root MuiContainer-maxWidthSm css-cuefkz-MuiContainer-root"
    >
      <form
        action="#"
      >
        <div
          class="MuiBox-root css-1qm1lh"
        >
          <p
            class="MuiTypography-root MuiTypography-body1 css-ahj2mt-MuiTypography-root"
          >
            Um an einem Spiel teilzunehmen ist ein Spiel-Code erforderlich. Bitte tippe diesen hier ein:
          </p>
        </div>
        <div
          class="MuiBox-root css-i3pbo"
        >
          <div
            class="MuiFormControl-root MuiFormControl-fullWidth MuiTextField-root css-wb57ya-MuiFormControl-root-MuiTextField-root"
          >
            <label
              class="MuiInputLabel-root MuiInputLabel-formControl MuiInputLabel-animated MuiInputLabel-outlined MuiFormLabel-root MuiFormLabel-colorPrimary Mui-required css-14s5rfu-MuiFormLabel-root-MuiInputLabel-root"
              data-shrink="false"
              for="gameId"
              id="gameId-label"
            >
              Spiel-Code
              <span
                aria-hidden="true"
                class="MuiInputLabel-asterisk MuiFormLabel-asterisk css-wgai2y-MuiFormLabel-asterisk"
              >
                 
                *
              </span>
            </label>
            <div
              class="MuiOutlinedInput-root MuiInputBase-root MuiInputBase-colorPrimary MuiInputBase-fullWidth MuiInputBase-formControl css-md26zr-MuiInputBase-root-MuiOutlinedInput-root"
            >
              <input
                aria-invalid="false"
                class="MuiOutlinedInput-input MuiInputBase-input css-1t8l2tu-MuiInputBase-input-MuiOutlinedInput-input"
                id="gameId"
                name="gameId"
                required=""
                type="text"
                value=""
              />
              <fieldset
                aria-hidden="true"
                class="MuiOutlinedInput-notchedOutline css-1d3z3hw-MuiOutlinedInput-notchedOutline"
              >
                <legend
                  class="css-173wfxe"
                >
                  <span>
                    Spiel-Code
                     
                    *
                  </span>
                </legend>
              </fieldset>
            </div>
          </div>
        </div>
        <div
          class="MuiBox-root css-1bvc4cc"
        >
          <button
            class="MuiButton-root MuiButton-contained MuiButton-containedPrimary MuiButton-sizeLarge MuiButton-containedSizeLarge MuiButton-fullWidth MuiButtonBase-root  css-189e9pj-MuiButtonBase-root-MuiButton-root"
            tabindex="0"
            type="submit"
          >
            Am Spiel teilnehmen
            <span
              class="MuiTouchRipple-root css-8je8zh-MuiTouchRipple-root"
            />
          </button>
        </div>
      </form>
    </div>
  </main>
</div>
`;
